t/count.t ... ok

#   Failed test 'TEST 15: text frame (send masked frames on the server side) - pattern "recv_frame: mask bit: 1" matches a line in error.log (req 0)'
#   at /usr/share/perl5/site_perl/Test/Nginx/Socket.pm line 1001.

#   Failed test 'TEST 15: text frame (send masked frames on the server side) - pattern "recv_frame: mask bit: 1" matches a line in error.log (req 1)'
#   at /usr/share/perl5/site_perl/Test/Nginx/Socket.pm line 1001.

#   Failed test 'TEST 16: text frame (send unmasked frames on the client side) - pattern "recv_frame: mask bit: 0" matches a line in error.log (req 0)'
#   at /usr/share/perl5/site_perl/Test/Nginx/Socket.pm line 1001.

#   Failed test 'TEST 16: text frame (send unmasked frames on the client side) - pattern "recv_frame: mask bit: 0" matches a line in error.log (req 1)'
#   at /usr/share/perl5/site_perl/Test/Nginx/Socket.pm line 1001.

#   Failed test 'TEST 13: reused upstream websocket connections (set_keepalive) - pattern "recv_frame: mask bit: 0" matches a line in error.log (req 0)'
#   at /usr/share/perl5/site_perl/Test/Nginx/Socket.pm line 1001.

#   Failed test 'TEST 13: reused upstream websocket connections (set_keepalive) - pattern "recv_frame: mask bit: 1" matches a line in error.log (req 0)'
#   at /usr/share/perl5/site_perl/Test/Nginx/Socket.pm line 1001.

#   Failed test 'TEST 13: reused upstream websocket connections (set_keepalive) - pattern "recv_frame: mask bit: 0" matches a line in error.log (req 1)'
#   at /usr/share/perl5/site_perl/Test/Nginx/Socket.pm line 1001.

#   Failed test 'TEST 13: reused upstream websocket connections (set_keepalive) - pattern "recv_frame: mask bit: 1" matches a line in error.log (req 1)'
#   at /usr/share/perl5/site_perl/Test/Nginx/Socket.pm line 1001.

#   Failed test 'TEST 1: text frame - pattern "recv_frame: mask bit: 0" matches a line in error.log (req 0)'
#   at /usr/share/perl5/site_perl/Test/Nginx/Socket.pm line 1001.

#   Failed test 'TEST 1: text frame - pattern "recv_frame: mask bit: 1" matches a line in error.log (req 0)'
#   at /usr/share/perl5/site_perl/Test/Nginx/Socket.pm line 1001.

#   Failed test 'TEST 1: text frame - pattern "recv_frame: mask bit: 0" matches a line in error.log (req 1)'
#   at /usr/share/perl5/site_perl/Test/Nginx/Socket.pm line 1001.

#   Failed test 'TEST 1: text frame - pattern "recv_frame: mask bit: 1" matches a line in error.log (req 1)'
#   at /usr/share/perl5/site_perl/Test/Nginx/Socket.pm line 1001.

#   Failed test 'TEST 17: close frame (without msg body) + close() - pattern "sending the close frame" matches a line in error.log (req 0)'
#   at /usr/share/perl5/site_perl/Test/Nginx/Socket.pm line 1001.

#   Failed test 'TEST 17: close frame (without msg body) + close() - pattern "sending the close frame" matches a line in error.log (req 1)'
#   at /usr/share/perl5/site_perl/Test/Nginx/Socket.pm line 1001.

#   Failed test 'TEST 18: directly calling close() without sending the close frame ourselves - pattern "sending the close frame" matches a line in error.log (req 0)'
#   at /usr/share/perl5/site_perl/Test/Nginx/Socket.pm line 1001.

#   Failed test 'TEST 18: directly calling close() without sending the close frame ourselves - pattern "sending the close frame" matches a line in error.log (req 1)'
#   at /usr/share/perl5/site_perl/Test/Nginx/Socket.pm line 1001.

#   Failed test 'TEST 14: pool option - pattern "lua tcp socket keepalive create connection pool for key "my_conn_pool"" matches a line in error.log (req 0)'
#   at /usr/share/perl5/site_perl/Test/Nginx/Socket.pm line 1001.

#   Failed test 'TEST 14: pool option - pattern "lua tcp socket keepalive create connection pool for key "my_conn_pool"" matches a line in error.log (req 1)'
#   at /usr/share/perl5/site_perl/Test/Nginx/Socket.pm line 1001.
# Looks like you failed 18 tests of 200.
t/cs.t ...... 
Dubious, test returned 18 (wstat 4608, 0x1200)
Failed 18/200 subtests 
	(less 2 skipped subtests: 180 okay)
WARNING: TEST 17: exceeding the default 65535 max frame len limit (65536 bytes) - HTTP response read failure: Connection reset by peer at /usr/share/perl5/site_perl/Test/Nginx/Socket.pm line 1682.
WARNING: TEST 17: exceeding the default 65535 max frame len limit (65536 bytes) - HTTP response read failure: Connection reset by peer at /usr/share/perl5/site_perl/Test/Nginx/Socket.pm line 1682.
t/sanity.t .. ok

Test Summary Report
-------------------
t/cs.t    (Wstat: 4608 Tests: 200 Failed: 18)
  Failed tests:  39, 45, 80, 85, 89-90, 95-96, 109-110, 115-116
                130, 135, 140, 145, 150, 156
  Non-zero exit status: 18
Files=3, Tests=542, 23 wallclock secs ( 0.15 usr  0.01 sys +  1.71 cusr  0.42 csys =  2.29 CPU)
Result: FAIL
